Warning: Permanently added '[127.0.0.1]:2222' (ED25519) to the list of known hosts.
[sudo] password for mobile: ===T1===
-rwxr-xr-x 1 root wheel 238272 Jul 19 23:39 /var/jb/Applications/ZiYan.app/ZiYan
-rwxr-xr-x 1 root wheel 125616 Jul 19 23:54 /var/jb/Library/MobileSubstrate/DynamicLibraries/ZiYanAppTouch.dylib
-rwxr-xr-x 1 root wheel 326816 Jul 19 23:54 /var/jb/Library/MobileSubstrate/DynamicLibraries/ZiYanVol.dylib
-rwxr-xr-x 1 root wheel 71120 Jul 16 19:11 /var/jb/usr/lib/ziyan/bin/lua5.3
/private/var/mobile/Media/ZiYan/_ziyan_dual_smoke.lua
/private/var/mobile/Media/ZiYan/_ziyan_usb_smoke.lua
sb_alive=1
hooks=SBVolumeControl.decreaseVolume
===T2T3===
lua_exit=0
--- dual_smoke.txt ---
round=1
round=2
round=3
T2_rounds=PASS detail=round=1..3
T3_toast=PASS detail=called
T3_mSleep=PASS detail=ok
T3_getColor=PASS detail=-1
T3_findMultiColor=FAIL detail=nil
T3_dumpScreen=FAIL detail=nil
T3_tap=PASS detail=called
T4_stop_clear=PASS detail=no residual stop
DONE=1
--- json ---
{"suite":"dual_smoke","rounds":3,"items":[{"k":"T2_rounds","ok":true,"d":"round=1..3"},{"k":"T3_toast","ok":true,"d":"called"},{"k":"T3_mSleep","ok":true,"d":"ok"},{"k":"T3_getColor","ok":true,"d":"-1"},{"k":"T3_findMultiColor","ok":false,"d":"nil"},{"k":"T3_dumpScreen","ok":false,"d":"nil"},{"k":"T3_tap","ok":true,"d":"called"},{"k":"T4_stop_clear","ok":true,"d":"no residual stop"}]}===T4===
T4_stop_cleared=1
===T5===
ACK=ok 3028
USB_SMOKE=round=1;round=2;round=3;
hooks2=SBVolumeControl.decreaseVolume
sb2=1
